test_fala_curta_em_reuniao_longa_nao_e_silencio (test_audio_sanidade.TestClassificacao.test_fala_curta_em_reuniao_longa_nao_e_silencio) ... ok
test_gravacao_boa (test_audio_sanidade.TestClassificacao.test_gravacao_boa) ... ok
test_mic_mudo_canal_do_sistema_com_som (test_audio_sanidade.TestClassificacao.test_mic_mudo_canal_do_sistema_com_som) ... ok
test_mic_only_com_som (test_audio_sanidade.TestClassificacao.test_mic_only_com_som) ... ok
test_mic_only_mudo (test_audio_sanidade.TestClassificacao.test_mic_only_mudo) ... ok
test_sem_medicao (test_audio_sanidade.TestClassificacao.test_sem_medicao) ... ok
test_tudo_mudo (test_audio_sanidade.TestClassificacao.test_tudo_mudo) ... ok
test_vazamento_do_opus_nao_conta_como_som (test_audio_sanidade.TestClassificacao.test_vazamento_do_opus_nao_conta_como_som) ... ok
test_arquivo_invalido_nao_explode (test_audio_sanidade.TestMedicaoReal.test_arquivo_invalido_nao_explode) ... ok
test_contagem_de_canais_desconhecida_nao_vira_um (test_audio_sanidade.TestMedicaoReal.test_contagem_de_canais_desconhecida_nao_vira_um) ... ok
test_detecta_canal_esquerdo_mudo (test_audio_sanidade.TestMedicaoReal.test_detecta_canal_esquerdo_mudo) ... ok
test_detecta_gravacao_boa (test_audio_sanidade.TestMedicaoReal.test_detecta_gravacao_boa) ... ok
test_duracao_vem_do_arquivo (test_audio_sanidade.TestMedicaoReal.test_duracao_vem_do_arquivo) ... ok
test_medicao_pela_metade_nao_vira_classificacao (test_audio_sanidade.TestMedicaoReal.test_medicao_pela_metade_nao_vira_classificacao) ... ok
test_mic_only_estereo_com_voz_em_um_lado_e_ok (test_audio_sanidade.TestMedicaoReal.test_mic_only_estereo_com_voz_em_um_lado_e_ok) ... ok
test_devolve_bool_ou_none (test_audio_sanidade.TestMuteDaFonte.test_devolve_bool_ou_none) ... ok
test_deleted_memory_is_not_recreated_by_sync (test_brain_integrity_contract.TestBrainIntegrityContract.test_deleted_memory_is_not_recreated_by_sync) ... ok
test_llm_failure_does_not_turn_invite_into_attendance (test_brain_integrity_contract.TestBrainIntegrityContract.test_llm_failure_does_not_turn_invite_into_attendance) ... ok
test_long_note_cannot_report_success_after_silent_truncation (test_brain_integrity_contract.TestBrainIntegrityContract.test_long_note_cannot_report_success_after_silent_truncation) ... ok
test_missing_credentials_leave_delivery_pending (test_brain_integrity_contract.TestBrainIntegrityContract.test_missing_credentials_leave_delivery_pending) ... ok
test_simulated_transcript_never_reaches_memory (test_brain_integrity_contract.TestBrainIntegrityContract.test_simulated_transcript_never_reaches_memory) ... ok
test_extract_conference_url (test_calendar.TestCalendar.test_extract_conference_url) ... ok
test_parse_ics_content (test_calendar.TestCalendar.test_parse_ics_content) ... ok
test_original_is_durable_before_processing_can_crash (test_capture_durability_contract.TestCaptureDurabilityContract.test_original_is_durable_before_processing_can_crash) ... ok
test_agenda_refresh_cli (test_cli.TestCLI.test_agenda_refresh_cli) ... ok
test_cli_notes_and_delete_recording (test_cli.TestCLI.test_cli_notes_and_delete_recording) ... ok
test_backlog_over_twenty_drains_including_old_items (test_durable_jobs.TestDurableJobs.test_backlog_over_twenty_drains_including_old_items) ... ok
test_mock_append_is_excluded_while_preserving_real_recording (test_durable_jobs.TestDurableJobs.test_mock_append_is_excluded_while_preserving_real_recording) ... ok
test_orphan_job_recovers_if_process_dies_before_metadata_publish (test_durable_jobs.TestDurableJobs.test_orphan_job_recovers_if_process_dies_before_metadata_publish) ... ok
test_pending_facts_keep_original_hash_and_note_receipt_across_sync (test_durable_jobs.TestDurableJobs.test_pending_facts_keep_original_hash_and_note_receipt_across_sync) ... ok
test_real_append_after_mock_keeps_mock_out_of_real_transcript (test_durable_jobs.TestDurableJobs.test_real_append_after_mock_keeps_mock_out_of_real_transcript) ... ok
test_remote_pending_returns_promptly_and_is_retried (test_durable_jobs.TestDurableJobs.test_remote_pending_returns_promptly_and_is_retried) ... ok
test_resume_after_process_death_without_original_or_duplicate_recording (test_durable_jobs.TestDurableJobs.test_resume_after_process_death_without_original_or_duplicate_recording) ... ok
test_resume_after_transcription_checkpoint_does_not_transcribe_twice (test_durable_jobs.TestDurableJobs.test_resume_after_transcription_checkpoint_does_not_transcribe_twice) ... ok
test_silent_append_does_not_erase_earlier_valid_audio (test_durable_jobs.TestDurableJobs.test_silent_append_does_not_erase_earlier_valid_audio) ... ok
test_stop_resume_uses_bronze_if_temporary_audio_disappears (test_durable_jobs.TestDurableJobs.test_stop_resume_uses_bronze_if_temporary_audio_disappears) ... ok
test_receipt_checkpoint_keeps_pending_facts_without_publishing_them (test_durable_jobs.TestMemoryCheckpoints.test_receipt_checkpoint_keeps_pending_facts_without_publishing_them) ... ok
test_tombstone_stops_facts_as_well_as_replacement_note (test_durable_jobs.TestMemoryCheckpoints.test_tombstone_stops_facts_as_well_as_replacement_note) ... ok
test_missing_configuration_never_selects_mock (test_durable_jobs.TestRemoteJob.test_missing_configuration_never_selects_mock) ... ok
test_real_detached_job_survives_retry_without_second_transcription (test_durable_jobs.TestRemoteJob.test_real_detached_job_survives_retry_without_second_transcription) ... ok
test_scp_timeout_is_bounded_and_pending (test_durable_jobs.TestRemoteJob.test_scp_timeout_is_bounded_and_pending) ... ok
test_ssh_timeout_is_bounded_and_pending (test_durable_jobs.TestRemoteJob.test_ssh_timeout_is_bounded_and_pending) ... ok
test_ciclo_completo_com_audio_bom (test_engine.TestEngine.test_ciclo_completo_com_audio_bom) ... ok
test_engine_append_recording_to_existing_meeting (test_engine.TestEngine.test_engine_append_recording_to_existing_meeting) ... ok
test_engine_delete_recording (test_engine.TestEngine.test_engine_delete_recording) ... ok
test_gravacao_boa_nao_lista_problema (test_engine.TestEngine.test_gravacao_boa_nao_lista_problema) ... ok
test_gravacao_muda_nao_vai_para_transcricao (test_engine.TestEngine.test_gravacao_muda_nao_vai_para_transcricao)
O caso das 10:31: sem isto o Whisper alucina 'Thank you.' em cima do nada. ... ok
test_mic_mudo_marca_a_reuniao (test_engine.TestEngine.test_mic_mudo_marca_a_reuniao) ... ok
test_mic_mudo_no_inicio_aparece_no_estado_e_no_retorno (test_engine.TestEngine.test_mic_mudo_no_inicio_aparece_no_estado_e_no_retorno) ... ok
test_nao_escreve_fora_do_tempdir (test_engine.TestEngine.test_nao_escreve_fora_do_tempdir) ... ok
test_silver_nao_inventa_decisoes_quando_nao_ha_resumo (test_engine.TestEngine.test_silver_nao_inventa_decisoes_quando_nao_ha_resumo) ... ok
test_transcricao_falha_nao_sai_como_sucesso (test_engine.TestEngine.test_transcricao_falha_nao_sai_como_sucesso)
Bronze salvo com transcrição quebrada é 'partial', nunca 'success'. ... ok
test_desistir_da_tool_rica_nao_e_para_sempre (test_hidden.TestFallbackDaTool.test_desistir_da_tool_rica_nao_e_para_sempre) ... ok
test_por_padrao_tenta_a_tool_rica (test_hidden.TestFallbackDaTool.test_por_padrao_tenta_a_tool_rica) ... ok
test_agenda_filtra_o_que_esta_escondido (test_hidden.TestHidden.test_agenda_filtra_o_que_esta_escondido) ... ok
test_arquivo_corrompido_nao_derruba (test_hidden.TestHidden.test_arquivo_corrompido_nao_derruba) ... ok
test_esconder_e_reexibir (test_hidden.TestHidden.test_esconder_e_reexibir) ... ok
test_limpar_tudo (test_hidden.TestHidden.test_limpar_tudo) ... ok
test_listar_traz_titulo (test_hidden.TestHidden.test_listar_traz_titulo) ... ok
test_nao_esconde_evento_diferente (test_hidden.TestHidden.test_nao_esconde_evento_diferente) ... ok
test_reexibir_pelo_id_da_instancia (test_hidden.TestHidden.test_reexibir_pelo_id_da_instancia) ... ok
test_evento_simples_fica_como_esta (test_hidden.TestSeriesKey.test_evento_simples_fica_como_esta) ... ok
test_instancia_de_recorrente_vira_chave_da_serie (test_hidden.TestSeriesKey.test_instancia_de_recorrente_vira_chave_da_serie) ... ok
test_uid_de_ical_com_underscore_nao_e_mutilado (test_hidden.TestSeriesKey.test_uid_de_ical_com_underscore_nao_e_mutilado) ... ok
test_vazio (test_hidden.TestSeriesKey.test_vazio) ... ok
test_bronze_silver_gold_pipeline (test_storage.TestStorage.test_bronze_silver_gold_pipeline) ... ok
test_create_meeting_slug_collision (test_storage.TestStorage.test_create_meeting_slug_collision) ... ok
test_multiple_recordings_and_deletion (test_storage.TestStorage.test_multiple_recordings_and_deletion) ... ok
test_falhou (test_sync.TestPrecisaSync.test_falhou) ... ok
test_ja_esta_la (test_sync.TestPrecisaSync.test_ja_esta_la) ... ok
test_nunca_enviada (test_sync.TestPrecisaSync.test_nunca_enviada) ... ok
test_pulada_de_proposito (test_sync.TestPrecisaSync.test_pulada_de_proposito) ... ok
test_falha_fica_registrada_e_continua_pendente (test_sync.TestSyncMeeting.test_falha_fica_registrada_e_continua_pendente) ... ok
test_grava_o_resultado_no_metadata (test_sync.TestSyncMeeting.test_grava_o_resultado_no_metadata) ... ok
test_reenvio_edita_a_nota_em_vez_de_criar_outra (test_sync.TestSyncMeeting.test_reenvio_edita_a_nota_em_vez_de_criar_outra) ... ok
test_reuniao_legada_sem_audio_status_classifica_antes_de_enviar (test_sync.TestSyncMeeting.test_reuniao_legada_sem_audio_status_classifica_antes_de_enviar) ... ok
test_reuniao_que_nao_existe (test_sync.TestSyncMeeting.test_reuniao_que_nao_existe) ... ok
test_sync_pending_pula_o_que_ja_esta_la (test_sync.TestSyncMeeting.test_sync_pending_pula_o_que_ja_esta_la) ... ok
test_escalar (test_zinom_adapter.TestErrorMessage.test_escalar) ... ok
test_objeto_jsonrpc (test_zinom_adapter.TestErrorMessage.test_objeto_jsonrpc) ... ok
test_objeto_sem_message (test_zinom_adapter.TestErrorMessage.test_objeto_sem_message) ... ok
test_aceita_fato_real (test_zinom_adapter.TestFiltroDeFatos.test_aceita_fato_real) ... ok
test_aceita_fato_sobre_o_projeto_castanha (test_zinom_adapter.TestFiltroDeFatos.test_aceita_fato_sobre_o_projeto_castanha) ... ok
test_descarta_objeto_booleano_de_verdade (test_zinom_adapter.TestFiltroDeFatos.test_descarta_objeto_booleano_de_verdade) ... ok
test_descarta_objeto_booleano_em_texto (test_zinom_adapter.TestFiltroDeFatos.test_descarta_objeto_booleano_em_texto) ... ok
test_descarta_ruido_de_instrumentacao (test_zinom_adapter.TestFiltroDeFatos.test_descarta_ruido_de_instrumentacao) ... ok
test_descarta_trio_incompleto (test_zinom_adapter.TestFiltroDeFatos.test_descarta_trio_incompleto) ... ok
test_fatos_descartados_nao_chegam_no_zinom (test_zinom_adapter.TestFiltroDeFatos.test_fatos_descartados_nao_chegam_no_zinom) ... ok
test_nao_estoura_com_tipo_estranho (test_zinom_adapter.TestFiltroDeFatos.test_nao_estoura_com_tipo_estranho) ... ok
test_numero_como_objeto_e_fato_valido (test_zinom_adapter.TestFiltroDeFatos.test_numero_como_objeto_e_fato_valido) ... ok
test_fatos_aguardam_linhagem_sem_publicacao_solto (test_zinom_adapter.TestIngestMeeting.test_fatos_aguardam_linhagem_sem_publicacao_solto) ... ok
test_gravacao_muda_nao_entra_no_cerebro (test_zinom_adapter.TestIngestMeeting.test_gravacao_muda_nao_entra_no_cerebro) ... ok
test_id_da_nota_vem_do_source_id (test_zinom_adapter.TestIngestMeeting.test_id_da_nota_vem_do_source_id) ... ok
test_mic_mudo_ainda_entra (test_zinom_adapter.TestIngestMeeting.test_mic_mudo_ainda_entra) ... ok
test_remember_que_falhou_nao_vira_sucesso (test_zinom_adapter.TestIngestMeeting.test_remember_que_falhou_nao_vira_sucesso) ... ok
test_remember_sem_campo_source (test_zinom_adapter.TestIngestMeeting.test_remember_sem_campo_source) ... ok
test_transcricao_falha_nao_entra_no_cerebro (test_zinom_adapter.TestIngestMeeting.test_transcricao_falha_nao_entra_no_cerebro) ... ok
test_corpo_vazio_do_202 (test_zinom_adapter.TestParse.test_corpo_vazio_do_202) ... ok
test_evento_com_varias_linhas_data_concatena (test_zinom_adapter.TestParse.test_evento_com_varias_linhas_data_concatena) ... ok
test_json_puro (test_zinom_adapter.TestParse.test_json_puro) ... ok
test_sse (test_zinom_adapter.TestParse.test_sse) ... ok
test_sse_devolve_todos_os_eventos_em_ordem (test_zinom_adapter.TestParse.test_sse_devolve_todos_os_eventos_em_ordem) ... ok
test_sse_sem_content_type_declarado (test_zinom_adapter.TestParse.test_sse_sem_content_type_declarado) ... ok
test_accept_exigido_pelo_endpoint (test_zinom_adapter.TestZinomMcpClient.test_accept_exigido_pelo_endpoint) ... ok
test_erro_jsonrpc_escalar_nao_estoura_attribute_error (test_zinom_adapter.TestZinomMcpClient.test_erro_jsonrpc_escalar_nao_estoura_attribute_error) ... ok
test_handshake_completo_antes_do_tools_call (test_zinom_adapter.TestZinomMcpClient.test_handshake_completo_antes_do_tools_call) ... ok
test_is_error_vira_excecao (test_zinom_adapter.TestZinomMcpClient.test_is_error_vira_excecao) ... ok
test_ok_false_sem_is_error_tambem_vira_excecao (test_zinom_adapter.TestZinomMcpClient.test_ok_false_sem_is_error_tambem_vira_excecao) ... ok
test_resposta_e_casada_pelo_id_nao_pela_posicao (test_zinom_adapter.TestZinomMcpClient.test_resposta_e_casada_pelo_id_nao_pela_posicao) ... ok
test_resposta_sem_o_id_pedido_e_erro (test_zinom_adapter.TestZinomMcpClient.test_resposta_sem_o_id_pedido_e_erro) ... ok
test_sessao_expirada_reabre_e_repete (test_zinom_adapter.TestZinomMcpClient.test_sessao_expirada_reabre_e_repete) ... ok
test_session_id_so_entra_depois_do_initialize (test_zinom_adapter.TestZinomMcpClient.test_session_id_so_entra_depois_do_initialize) ... ok

----------------------------------------------------------------------
Ran 112 tests in 22.933s

OK
